// Jest Snapshot v1, https://goo.gl/fbAQLP

exports[`<ReactHotKey /> renders 1`] = `null`;
